
> 5g-health-platform-ai-triage@1.0.0 test:unit
> node --experimental-vm-modules node_modules/jest/bin/jest.js --testMatch='**/tests/unit/**/*.test.ts'

FAIL tests/unit/nats/consumer.test.ts
  ΓùÅ Test suite failed to run

    Configuration error:

    Could not locate module ../../src/nats/consumer.js mapped as:
    $1.

    Please check your configuration for these entries:
    {
      "moduleNameMapper": {
        "/^(\.\.?\/.+)\.js$/": "$1"
      },
      "resolver": undefined
    }

      at createNoMappedModuleFoundError (node_modules/jest-resolve/build/resolver.js:759:17)

(node:27044) ExperimentalWarning: VM Modules is an experimental feature and might change at any time
(Use `node --trace-warnings ...` to show where the warning was created)
FAIL tests/unit/rules/engine.test.ts
  ΓùÅ Test suite failed to run

    Configuration error:

    Could not locate module ../../src/rules/engine.js mapped as:
    $1.

    Please check your configuration for these entries:
    {
      "moduleNameMapper": {
        "/^(\.\.?\/.+)\.js$/": "$1"
      },
      "resolver": undefined
    }

      at createNoMappedModuleFoundError (node_modules/jest-resolve/build/resolver.js:759:17)

(node:32664) ExperimentalWarning: VM Modules is an experimental feature and might change at any time
(Use `node --trace-warnings ...` to show where the warning was created)
FAIL tests/unit/contracts/schema-validator.test.ts
  ΓùÅ Test suite failed to run

    Configuration error:

    Could not locate module ../../src/contracts/schema-validator.js mapped as:
    $1.

    Please check your configuration for these entries:
    {
      "moduleNameMapper": {
        "/^(\.\.?\/.+)\.js$/": "$1"
      },
      "resolver": undefined
    }

      at createNoMappedModuleFoundError (node_modules/jest-resolve/build/resolver.js:759:17)

(node:8076) ExperimentalWarning: VM Modules is an experimental feature and might change at any time
(Use `node --trace-warnings ...` to show where the warning was created)
Test Suites: 3 failed, 3 total
Tests:       0 total
Snapshots:   0 total
Time:        1.13 s
Ran all test suites.
